DROP EXTENSION bitemp_retrieval;
CREATE EXTENSION bitemp_retrieval;
-- 10-----20
-- 10-----20
SELECT bitemp_joinable(
    temporal_relationships.timeperiod('2010-10-10'::timestamptz, '2020-10-20'::timestamptz),
    temporal_relationships.timeperiod('2020-10-10'::timestamptz, '2020-10-20'::timestamptz)
);
 bitemp_joinable 
-----------------
 t
(1 row)

SELECT bitemp_join(
    temporal_relationships.timeperiod('2010-10-10'::timestamptz, '2020-10-20'::timestamptz),
    temporal_relationships.timeperiod('2020-10-10'::timestamptz, '2020-10-20'::timestamptz)
);
                           bitemp_join                           
-----------------------------------------------------------------
 ["Sat Oct 10 00:00:00 2020 PDT","Tue Oct 20 00:00:00 2020 PDT")
(1 row)

-- 10-----20
-- 10---15
SELECT bitemp_joinable(
    temporal_relationships.timeperiod('2010-10-10'::timestamptz, '2020-10-20'::timestamptz),
    temporal_relationships.timeperiod('2020-10-10'::timestamptz, '2020-10-15'::timestamptz)
);
 bitemp_joinable 
-----------------
 t
(1 row)

SELECT bitemp_join(
    temporal_relationships.timeperiod('2010-10-10'::timestamptz, '2020-10-20'::timestamptz),
    temporal_relationships.timeperiod('2020-10-10'::timestamptz, '2020-10-15'::timestamptz)
);
                           bitemp_join                           
-----------------------------------------------------------------
 ["Sat Oct 10 00:00:00 2020 PDT","Thu Oct 15 00:00:00 2020 PDT")
(1 row)

-- 10-----20
--    15--20
SELECT bitemp_joinable(
    temporal_relationships.timeperiod('2010-10-10'::timestamptz, '2020-10-20'::timestamptz),
    temporal_relationships.timeperiod('2020-10-15'::timestamptz, '2020-10-20'::timestamptz)
);
 bitemp_joinable 
-----------------
 t
(1 row)

SELECT bitemp_join(
    temporal_relationships.timeperiod('2010-10-10'::timestamptz, '2020-10-20'::timestamptz),
    temporal_relationships.timeperiod('2020-10-15'::timestamptz, '2020-10-20'::timestamptz)
);
                           bitemp_join                           
-----------------------------------------------------------------
 ["Thu Oct 15 00:00:00 2020 PDT","Tue Oct 20 00:00:00 2020 PDT")
(1 row)

-- 10-----20
--  11---19
SELECT bitemp_joinable(
    temporal_relationships.timeperiod('2010-10-10'::timestamptz, '2020-10-20'::timestamptz),
    temporal_relationships.timeperiod('2020-10-11'::timestamptz, '2020-10-19'::timestamptz)
);
 bitemp_joinable 
-----------------
 t
(1 row)

SELECT bitemp_join(
    temporal_relationships.timeperiod('2010-10-10'::timestamptz, '2020-10-20'::timestamptz),
    temporal_relationships.timeperiod('2020-10-11'::timestamptz, '2020-10-19'::timestamptz)
);
                           bitemp_join                           
-----------------------------------------------------------------
 ["Sun Oct 11 00:00:00 2020 PDT","Mon Oct 19 00:00:00 2020 PDT")
(1 row)

-- 10---15
-- 10-----20
SELECT bitemp_joinable(
    temporal_relationships.timeperiod('2020-10-10'::timestamptz, '2020-10-15'::timestamptz),
    temporal_relationships.timeperiod('2010-10-10'::timestamptz, '2020-10-20'::timestamptz)
);
 bitemp_joinable 
-----------------
 t
(1 row)

SELECT bitemp_join(
    temporal_relationships.timeperiod('2020-10-10'::timestamptz, '2020-10-15'::timestamptz),
    temporal_relationships.timeperiod('2010-10-10'::timestamptz, '2020-10-20'::timestamptz)
);
                           bitemp_join                           
-----------------------------------------------------------------
 ["Sat Oct 10 00:00:00 2020 PDT","Thu Oct 15 00:00:00 2020 PDT")
(1 row)

--    15--20
-- 10-----20
SELECT bitemp_joinable(
    temporal_relationships.timeperiod('2020-10-15'::timestamptz, '2020-10-20'::timestamptz),
    temporal_relationships.timeperiod('2010-10-10'::timestamptz, '2020-10-20'::timestamptz)
);
 bitemp_joinable 
-----------------
 t
(1 row)

SELECT bitemp_join(
    temporal_relationships.timeperiod('2020-10-15'::timestamptz, '2020-10-20'::timestamptz),
    temporal_relationships.timeperiod('2010-10-10'::timestamptz, '2020-10-20'::timestamptz)
);
                           bitemp_join                           
-----------------------------------------------------------------
 ["Thu Oct 15 00:00:00 2020 PDT","Tue Oct 20 00:00:00 2020 PDT")
(1 row)

--  11---19
-- 10-----20
SELECT bitemp_joinable(
    temporal_relationships.timeperiod('2020-10-11'::timestamptz, '2020-10-19'::timestamptz),
    temporal_relationships.timeperiod('2010-10-10'::timestamptz, '2020-10-20'::timestamptz)
);
 bitemp_joinable 
-----------------
 t
(1 row)

SELECT bitemp_join(
    temporal_relationships.timeperiod('2020-10-11'::timestamptz, '2020-10-19'::timestamptz),
    temporal_relationships.timeperiod('2010-10-10'::timestamptz, '2020-10-20'::timestamptz)
);
                           bitemp_join                           
-----------------------------------------------------------------
 ["Sun Oct 11 00:00:00 2020 PDT","Mon Oct 19 00:00:00 2020 PDT")
(1 row)

-- 10-----20
--    15-----25
SELECT bitemp_joinable(
    temporal_relationships.timeperiod('2010-10-10'::timestamptz, '2020-10-20'::timestamptz),
    temporal_relationships.timeperiod('2020-10-15'::timestamptz, '2020-10-25'::timestamptz)
);
 bitemp_joinable 
-----------------
 t
(1 row)

SELECT bitemp_join(
    temporal_relationships.timeperiod('2010-10-10'::timestamptz, '2020-10-20'::timestamptz),
    temporal_relationships.timeperiod('2020-10-15'::timestamptz, '2020-10-25'::timestamptz)
);
                           bitemp_join                           
-----------------------------------------------------------------
 ["Thu Oct 15 00:00:00 2020 PDT","Tue Oct 20 00:00:00 2020 PDT")
(1 row)

--    15-----25
-- 10-----20
SELECT bitemp_joinable(
    temporal_relationships.timeperiod('2020-10-15'::timestamptz, '2020-10-25'::timestamptz),
    temporal_relationships.timeperiod('2010-10-10'::timestamptz, '2020-10-20'::timestamptz)
);
 bitemp_joinable 
-----------------
 t
(1 row)

SELECT bitemp_join(
    temporal_relationships.timeperiod('2020-10-15'::timestamptz, '2020-10-25'::timestamptz),
    temporal_relationships.timeperiod('2010-10-10'::timestamptz, '2020-10-20'::timestamptz)
);
                           bitemp_join                           
-----------------------------------------------------------------
 ["Thu Oct 15 00:00:00 2020 PDT","Tue Oct 20 00:00:00 2020 PDT")
(1 row)

-- Not joinable
SELECT bitemp_joinable(
    temporal_relationships.timeperiod('2010-10-10'::timestamptz, '2020-10-20'::timestamptz),
    temporal_relationships.timeperiod('2020-11-10'::timestamptz, '2020-11-20'::timestamptz)
);
 bitemp_joinable 
-----------------
 f
(1 row)

SELECT bitemp_joinable(
    temporal_relationships.timeperiod('2010-10-10'::timestamptz, '2020-10-20'::timestamptz),
    temporal_relationships.timeperiod('2020-10-20'::timestamptz, '2020-11-20'::timestamptz)
);
 bitemp_joinable 
-----------------
 f
(1 row)

