DROP EXTENSION bitemp_retrieval;
ERROR:  extension "bitemp_retrieval" does not exist
CREATE EXTENSION bitemp_retrieval;
SET DATESTYLE TO 'ISO';
SET TIMEZONE TO 'Asia/Jakarta';
SELECT interval_len('["2005-01-01","2006-05-02")'::tstzrange);
     interval_len      
-----------------------
 @ 1 year 4 mons 1 day
(1 row)

